2026-08-09 12:05:32.444: [INFO] CurrentProfilePath: C:\Users\T.B\Desktop\Jamrah Razor new\Jamrah\bin\Debug\net9.0-windows10.0.19041.0\win10-x64\Jamrah.exe.WebView2\EBWebView\Default
2026-08-09 12:05:32.444: [INFO] Profiles total count: 1
2026-08-09 12:05:32.444: [INFO] Profile: name=Profile 1 path=C:\Users\T.B\Desktop\Jamrah Razor new\Jamrah\bin\Debug\net9.0-windows10.0.19041.0\win10-x64\Jamrah.exe.WebView2\EBWebView\Default lastActive=null
2026-08-09 12:05:32.444: [INFO] LastUsedProfileDir: C:\Users\T.B\Desktop\Jamrah Razor new\Jamrah\bin\Debug\net9.0-windows10.0.19041.0\win10-x64\Jamrah.exe.WebView2\EBWebView\Default
2026-08-09 12:05:32.444: [INFO] OnDoneLoading sync enabled: 0
2026-08-09 12:05:32.444: [INFO] BookmarkModelLoaded, ids_reassigned: 0
2026-08-09 12:05:32.444: [INFO] BookmarksLoadDropped droppedNodes=0
2026-08-09 12:05:32.444: [INFO] BookmarksSnapshot Startup total=0 bar=0 other=0 mobile=0 showBar=0 showBarNTP=1
2026-08-09 12:09:30.413: [INFO] BookmarksSnapshot Shutdown total=0 bar=0 other=0 mobile=0 showBar=0 showBarNTP=1
2026-08-09 17:44:35.280: [INFO] CurrentProfilePath: C:\Users\T.B\Desktop\Jamrah Razor new\Jamrah\bin\Debug\net9.0-windows10.0.19041.0\win10-x64\Jamrah.exe.WebView2\EBWebView\Default
2026-08-09 17:44:35.280: [INFO] Profiles total count: 1
2026-08-09 17:44:35.281: [INFO] Profile: name=Profile 1 path=C:\Users\T.B\Desktop\Jamrah Razor new\Jamrah\bin\Debug\net9.0-windows10.0.19041.0\win10-x64\Jamrah.exe.WebView2\EBWebView\Default lastActive=2026-08-09T12:08:34.961Z
2026-08-09 17:44:35.281: [INFO] LastUsedProfileDir: C:\Users\T.B\Desktop\Jamrah Razor new\Jamrah\bin\Debug\net9.0-windows10.0.19041.0\win10-x64\Jamrah.exe.WebView2\EBWebView\Default
2026-08-09 17:44:35.281: [INFO] MostRecentlyActiveProfile: name=Profile 1 path=C:\Users\T.B\Desktop\Jamrah Razor new\Jamrah\bin\Debug\net9.0-windows10.0.19041.0\win10-x64\Jamrah.exe.WebView2\EBWebView\Default lastActive=2026-08-09T12:08:34.961Z
2026-08-09 17:44:35.281: [INFO] OnDoneLoading sync enabled: 0
2026-08-09 17:44:35.281: [INFO] BookmarkModelLoaded, ids_reassigned: 0
2026-08-09 17:44:35.281: [INFO] BookmarksLoadDropped droppedNodes=0
2026-08-09 17:44:35.281: [INFO] BookmarksSnapshot Startup total=0 bar=0 other=0 mobile=0 showBar=0 showBarNTP=1
2026-08-09 17:44:45.227: [INFO] BookmarksSnapshot Shutdown total=0 bar=0 other=0 mobile=0 showBar=0 showBarNTP=1
2026-08-09 18:02:05.988: [INFO] CurrentProfilePath: C:\Users\T.B\Desktop\Jamrah Razor new\Jamrah\bin\Debug\net9.0-windows10.0.19041.0\win10-x64\Jamrah.exe.WebView2\EBWebView\Default
2026-08-09 18:02:05.988: [INFO] Profiles total count: 1
2026-08-09 18:02:05.988: [INFO] Profile: name=Profile 1 path=C:\Users\T.B\Desktop\Jamrah Razor new\Jamrah\bin\Debug\net9.0-windows10.0.19041.0\win10-x64\Jamrah.exe.WebView2\EBWebView\Default lastActive=2026-08-09T12:08:34.961Z
2026-08-09 18:02:05.988: [INFO] LastUsedProfileDir: C:\Users\T.B\Desktop\Jamrah Razor new\Jamrah\bin\Debug\net9.0-windows10.0.19041.0\win10-x64\Jamrah.exe.WebView2\EBWebView\Default
2026-08-09 18:02:05.989: [INFO] MostRecentlyActiveProfile: name=Profile 1 path=C:\Users\T.B\Desktop\Jamrah Razor new\Jamrah\bin\Debug\net9.0-windows10.0.19041.0\win10-x64\Jamrah.exe.WebView2\EBWebView\Default lastActive=2026-08-09T12:08:34.961Z
2026-08-09 18:02:05.989: [INFO] OnDoneLoading sync enabled: 0
2026-08-09 18:02:05.989: [INFO] BookmarkModelLoaded, ids_reassigned: 0
2026-08-09 18:02:05.989: [INFO] BookmarksLoadDropped droppedNodes=0
2026-08-09 18:02:05.989: [INFO] BookmarksSnapshot Startup total=0 bar=0 other=0 mobile=0 showBar=0 showBarNTP=1
2026-08-09 18:03:54.829: [INFO] BookmarksSnapshot Shutdown total=0 bar=0 other=0 mobile=0 showBar=0 showBarNTP=1
2026-08-10 11:40:27.912: [INFO] CurrentProfilePath: C:\Users\T.B\Desktop\My-Productivity-App\Jamrah\bin\Debug\net9.0-windows10.0.19041.0\win10-x64\Jamrah.exe.WebView2\EBWebView\Default
2026-08-10 11:40:27.912: [INFO] Profiles total count: 1
2026-08-10 11:40:27.913: [INFO] Profile: name=Profile 1 path=C:\Users\T.B\Desktop\My-Productivity-App\Jamrah\bin\Debug\net9.0-windows10.0.19041.0\win10-x64\Jamrah.exe.WebView2\EBWebView\Default lastActive=2026-08-09T18:03:52.928Z
2026-08-10 11:40:27.913: [INFO] LastUsedProfileDir: C:\Users\T.B\Desktop\My-Productivity-App\Jamrah\bin\Debug\net9.0-windows10.0.19041.0\win10-x64\Jamrah.exe.WebView2\EBWebView\Default
2026-08-10 11:40:27.913: [INFO] MostRecentlyActiveProfile: name=Profile 1 path=C:\Users\T.B\Desktop\My-Productivity-App\Jamrah\bin\Debug\net9.0-windows10.0.19041.0\win10-x64\Jamrah.exe.WebView2\EBWebView\Default lastActive=2026-08-09T18:03:52.928Z
2026-08-10 11:40:27.913: [INFO] OnDoneLoading sync enabled: 0
2026-08-10 11:40:27.913: [INFO] BookmarkModelLoaded, ids_reassigned: 0
2026-08-10 11:40:27.913: [INFO] BookmarksLoadDropped droppedNodes=0
2026-08-10 11:40:27.913: [INFO] BookmarksSnapshot Startup total=0 bar=0 other=0 mobile=0 showBar=0 showBarNTP=1
2026-08-10 11:40:39.787: [INFO] BookmarksSnapshot Shutdown total=0 bar=0 other=0 mobile=0 showBar=0 showBarNTP=1
